// Jest Snapshot v1, https://goo.gl/fbAQLP

exports[`Prueba del componente contador Retorna el contenido html del componente Contador 1`] = `
<Fragment>
  <h2>
    Contador
  </h2>
  <section
    className="contador"
  >
    <button
      onClick={[Function]}
    >
      +
    </button>
    <p>
      100
    </p>
    <button
      onClick={[Function]}
    >
      -
    </button>
  </section>
  <button
    onClick={[Function]}
  >
    Reset
  </button>
</Fragment>
`;
